src/components/nutrition/FoodSearch.tsx(43,11): error TS18048: 'food.category' is possibly 'undefined'.
src/components/nutrition/FoodSearch.tsx(64,38): error TS2339: Property 'fiber' does not exist on type 'FoodItem'.
src/components/nutrition/FoodSearch.tsx(65,38): error TS2339: Property 'sugar' does not exist on type 'FoodItem'.
src/components/nutrition/FoodSearch.tsx(66,39): error TS2339: Property 'sodium' does not exist on type 'FoodItem'.
src/components/nutrition/FoodSearch.tsx(69,50): error TS2339: Property 'servingSize' does not exist on type 'FoodItem'.
src/components/nutrition/FoodSearch.tsx(179,33): error TS2339: Property 'fiber' does not exist on type 'FoodItem'.
src/components/nutrition/FoodSearch.tsx(180,33): error TS2339: Property 'sugar' does not exist on type 'FoodItem'.
src/components/nutrition/FoodSearch.tsx(181,34): error TS2339: Property 'sodium' does not exist on type 'FoodItem'.
src/components/nutrition/FoodSearch.tsx(184,39): error TS2339: Property 'servingSize' does not exist on type 'FoodItem'.
src/components/nutrition/FoodSearch.tsx(210,50): error TS2345: Argument of type 'string | undefined' is not assignable to parameter of type 'SetStateAction<string | null>'.
  Type 'undefined' is not assignable to type 'SetStateAction<string | null>'.
src/components/nutrition/FoodSearch.tsx(213,59): error TS2345: Argument of type 'string | undefined' is not assignable to parameter of type 'string'.
  Type 'undefined' is not assignable to type 'string'.
src/components/nutrition/FoodSearch.tsx(254,33): error TS2339: Property 'fiber' does not exist on type 'FoodItem'.
src/components/nutrition/FoodSearch.tsx(255,33): error TS2339: Property 'sugar' does not exist on type 'FoodItem'.
src/components/nutrition/FoodSearch.tsx(256,34): error TS2339: Property 'sodium' does not exist on type 'FoodItem'.
src/components/nutrition/FoodSearch.tsx(259,39): error TS2339: Property 'servingSize' does not exist on type 'FoodItem'.
src/components/nutrition/FoodSearch.tsx(284,23): error TS2353: Object literal may only specify known properties, and 'servingSize' does not exist in type 'FoodItem'.
src/components/nutrition/FoodSearch.tsx(334,23): error TS2353: Object literal may only specify known properties, and 'servingSize' does not exist in type 'FoodItem'.
src/components/nutrition/FoodSearch.tsx(380,66): error TS2339: Property 'servingSize' does not exist on type 'FoodItem'.
src/components/nutrition/FoodSearch.tsx(491,19): error TS2339: Property 'servingSize' does not exist on type 'FoodItem'.
src/components/onboarding/OnboardingStep3.tsx(54,26): error TS2345: Argument of type 'Equipment' is not assignable to parameter of type '"dumbbells" | "barbell" | "resistance_bands" | "pullup_bar" | "kettlebell" | "cardio_machines"'.
  Type '"none"' is not assignable to type '"dumbbells" | "barbell" | "resistance_bands" | "pullup_bar" | "kettlebell" | "cardio_machines"'.
src/components/onboarding/OnboardingStep3.tsx(57,18): error TS2322: Type 'Equipment' is not assignable to type '"dumbbells" | "barbell" | "resistance_bands" | "pullup_bar" | "kettlebell" | "cardio_machines"'.
  Type '"none"' is not assignable to type '"dumbbells" | "barbell" | "resistance_bands" | "pullup_bar" | "kettlebell" | "cardio_machines"'.
src/components/onboarding/OnboardingStep3.tsx(57,30): error TS2322: Type 'Equipment' is not assignable to type '"dumbbells" | "barbell" | "resistance_bands" | "pullup_bar" | "kettlebell" | "cardio_machines"'.
  Type '"none"' is not assignable to type '"dumbbells" | "barbell" | "resistance_bands" | "pullup_bar" | "kettlebell" | "cardio_machines"'.
src/components/onboarding/OnboardingStep4.tsx(43,26): error TS2345: Argument of type 'Allergy' is not assignable to parameter of type '"nuts" | "dairy" | "gluten" | "eggs" | "shellfish" | "soy"'.
  Type '"none"' is not assignable to type '"nuts" | "dairy" | "gluten" | "eggs" | "shellfish" | "soy"'.
src/components/onboarding/OnboardingStep4.tsx(46,18): error TS2322: Type 'Allergy' is not assignable to type '"nuts" | "dairy" | "gluten" | "eggs" | "shellfish" | "soy"'.
  Type '"none"' is not assignable to type '"nuts" | "dairy" | "gluten" | "eggs" | "shellfish" | "soy"'.
src/components/onboarding/OnboardingStep4.tsx(46,30): error TS2322: Type 'Allergy' is not assignable to type '"nuts" | "dairy" | "gluten" | "eggs" | "shellfish" | "soy"'.
  Type '"none"' is not assignable to type '"nuts" | "dairy" | "gluten" | "eggs" | "shellfish" | "soy"'.
src/components/onboarding/OnboardingStep5.tsx(134,15): error TS2322: Type '{ label: string; description: string; checked: boolean; onCheckedChange: (v: boolean) => void; }' is not assignable to type 'IntrinsicAttributes & ToggleProps'.
  Property 'description' does not exist on type 'IntrinsicAttributes & ToggleProps'.
src/components/onboarding/OnboardingStep5.tsx(141,15): error TS2322: Type '{ label: string; description: string; checked: boolean; onCheckedChange: (v: boolean) => void; }' is not assignable to type 'IntrinsicAttributes & ToggleProps'.
  Property 'description' does not exist on type 'IntrinsicAttributes & ToggleProps'.
src/components/onboarding/OnboardingStep5.tsx(148,15): error TS2322: Type '{ label: string; description: string; checked: boolean; onCheckedChange: (v: boolean) => void; }' is not assignable to type 'IntrinsicAttributes & ToggleProps'.
  Property 'description' does not exist on type 'IntrinsicAttributes & ToggleProps'.
src/components/onboarding/OnboardingStep5.tsx(155,15): error TS2322: Type '{ label: string; description: string; checked: boolean; onCheckedChange: (v: boolean) => void; }' is not assignable to type 'IntrinsicAttributes & ToggleProps'.
  Property 'description' does not exist on type 'IntrinsicAttributes & ToggleProps'.
src/components/onboarding/OnboardingStep5.tsx(162,15): error TS2322: Type '{ label: string; description: string; checked: boolean; onCheckedChange: (v: boolean) => void; }' is not assignable to type 'IntrinsicAttributes & ToggleProps'.
  Property 'description' does not exist on type 'IntrinsicAttributes & ToggleProps'.
src/hooks/useNutrition.ts(21,33): error TS2339: Property 'calories' does not exist on type 'MacroTargets'.
